factorial(1) = 1
factorial(2) = 2
factorial(5) = 120
factorial(6) = 720
factorial(12) = 479001600
